I'm sorry, but errors were detected in your script. Please correct the
errors listed below, and try again.


File "game/script.rpy", line 287: expected 'image_name_component' not found.
    show 
         ^

Ren'Py Version: Ren'Py 8.1.0.23051307
Wed Aug 14 14:43:39 2024
